n_gsm.c:2021:13:gsm_error	0	static
n_gsm.c:2329:16:gsmld_chars_in_buffer	0	static
n_gsm.c:2343:13:gsmld_flush_buffer	0	static
n_gsm.c:2663:33:gsm_mux_net_get_stats	0	static
n_gsm.c:2761:12:gsm_change_mtu	0	static
n_gsm.c:2770:13:gsm_mux_net_init	0	static
n_gsm.c:3090:13:gsmtty_wait_until_sent	0	static
n_gsm.c:2438:13:gsmld_write_wakeup	32	static
n_gsm.c:2462:16:gsmld_read	16	static
n_gsm.c:3097:12:gsmtty_tiocmget	32	static
n_gsm.c:3076:13:gsmtty_flush_buffer	32	static
n_gsm.c:3067:12:gsmtty_chars_in_buffer	32	static
n_gsm.c:3058:12:gsmtty_write_room	32	static
n_gsm.c:2280:13:gsmld_receive_buf	160	static
n_gsm.c:2508:21:gsmld_poll	48	static
n_gsm.c:2650:12:gsm_mux_net_open	32	static
n_gsm.c:1404:12:gsm_control_wait	80	static
n_gsm.c:2150:13:gsm_free_muxr	32	static
n_gsm.c:685:13:gsm_data_kick	96	static
n_gsm.c:3216:13:gsmtty_cleanup	32	static
n_gsm.c:1453:13:gsm_dlci_open	32	static
n_gsm.c:1430:13:gsm_dlci_close	32	static
n_gsm.c:1643:25:gsm_dlci_alloc	48	static
n_gsm.c:2092:12:gsm_activate_mux	48	static
n_gsm.c:1682:13:gsm_dlci_free	48	static
n_gsm.c:2657:12:gsm_mux_net_close	16	static
n_gsm.c:2483:16:gsmld_write	48	static
n_gsm.c:2381:12:gsmld_open	64	static
n_gsm.c:3160:13:gsmtty_set_termios	48	static
n_gsm.c:2720:13:gsm_mux_net_tx_timeout	32	static
n_gsm.c:2933:12:gsmtty_install	80	static
n_gsm.c:658:24:gsm_data_alloc.isra.3	48	static
n_gsm.c:2902:12:gsm_carrier_raised	0	static
n_gsm.c:465:13:gsm_print_packet.part.5	80	static
n_gsm.c:736:13:__gsm_data_queue.isra.7	48	static
n_gsm.c:1008:13:gsm_control_reply.isra.9	64	static
n_gsm.c:807:12:gsm_dlci_data_output.isra.12	112	static
n_gsm.c:860:12:gsm_dlci_data_output_framed.isra.13	80	static
n_gsm.c:934:13:gsm_dlci_data_sweep	48	static
n_gsm.c:2412:13:gsmld_write_wakeup_tsk	48	static
n_gsm.c:971:13:gsm_dlci_data_kick.part.14	32	static
n_gsm.c:1031:13:gsm_process_modem	80	static
n_gsm.c:1555:13:gsm_dlci_data	80	static
n_gsm.c:3043:12:gsmtty_write	64	static
n_gsm.c:2216:12:gsmld_output	48	static
n_gsm.c:2678:13:net_free	32	static
n_gsm.c:2729:13:gsm_mux_rx_netchar	64	static
n_gsm.c:2702:12:gsm_mux_net_start_xmit	64	static
n_gsm.c:1312:13:gsm_control_transmit.isra.8	48	static
n_gsm.c:1368:28:gsm_control_send	144	static
n_gsm.c:1333:13:gsm_control_retransmit	48	static
n_gsm.c:2882:12:gsmtty_modem_update	48	static
n_gsm.c:2913:13:gsm_dtr_rts	16	static
n_gsm.c:3106:12:gsmtty_tiocmset	48	static
n_gsm.c:3198:12:gsmtty_break_ctl	16	static
n_gsm.c:3186:13:gsmtty_unthrottle	16	static
n_gsm.c:3174:13:gsmtty_throttle	16	static
n_gsm.c:576:13:gsm_send	80	static
n_gsm.c:1533:13:gsm_dlci_begin_close	32	static
n_gsm.c:1605:13:gsm_dlci_command	96	static
n_gsm.c:1476:13:gsm_dlci_t1	32	static
n_gsm.c:1746:13:gsm_queue	48	static
n_gsm.c:1943:13:gsm1_receive	32	static
n_gsm.c:1861:13:gsm0_receive	32	static
n_gsm.c:2989:12:gsmtty_open	64	static
n_gsm.c:2792:13:gsm_destroy_network.isra.6	32	static
n_gsm.c:2037:13:gsm_cleanup_mux	128	static
n_gsm.c:2526:12:gsmld_config.isra.15	112	static
n_gsm.c:2609:12:gsmld_ioctl	112	static
n_gsm.c:2357:13:gsmld_close	48	static
n_gsm.c:3126:12:gsmtty_ioctl	128	static
n_gsm.c:3008:13:gsmtty_close	64	static
n_gsm.c:3034:13:gsmtty_hangup	32	static
n_gsm.c:3247:19:gsm_init	32	static
n_gsm.c:3290:20:gsm_exit	32	static
